// Jest Snapshot v1, https://goo.gl/fbAQLP

exports[`renders index unchanged 1`] = `
<div
  className="flex flex-col min-h-screen"
>
  <header>
    <div
      className="border-b"
    >
      <div>
        Header
      </div>
    </div>
  </header>
  <main
    className="flex-1 bg-blue-100"
  >
    <div>
      <h2>
        Index
      </h2>
    </div>
  </main>
  <footer>
    <div
      className="border-t"
    >
      <div>
        Footer
      </div>
    </div>
  </footer>
</div>
`;
